RESULTS, Travel_1, SUM
NaiveStowageAlgorithm, 38, 38
NaiveStowageAlgorithm, 38, 38
