RESULTS, Travel_2, Travel_3, SUM
NaiveStowageAlgorithm, 30, 6, 36
NaiveStowageAlgorithm, 30, 6, 36
